[     510ms] [LOG] salaah lewat sinsi @ https://keuangan.kontan.co.id/news/bisnis-remitansi-menjanjikan-kiriman-uang-pmi-tembus-us916-miliar:79
[     510ms] [LOG] Ad Manager loaded for human user. @ https://keuangan.kontan.co.id/news/bisnis-remitansi-menjanjikan-kiriman-uang-pmi-tembus-us916-miliar:109
[     517ms] [LOG] benere lewat sinsi @ https://keuangan.kontan.co.id/news/bisnis-remitansi-menjanjikan-kiriman-uang-pmi-tembus-us916-miliar:79
[     766ms] [WARNING] Failed to decode downloaded font: https://asset.kontan.co.id/general/third-party/font-awesome-4.7.0/fonts/fontawesome-webfont3e6e.html?v=4.7.0 @ https://keuangan.kontan.co.id/news/bisnis-remitansi-menjanjikan-kiriman-uang-pmi-tembus-us916-miliar:0
[     766ms] [WARNING] OTS parsing error: Failed to convert WOFF 2.0 font to SFNT @ https://keuangan.kontan.co.id/news/bisnis-remitansi-menjanjikan-kiriman-uang-pmi-tembus-us916-miliar:0
[     766ms] [WARNING] Failed to decode downloaded font: https://asset.kontan.co.id/general/third-party/font-awesome-4.7.0/fonts/fontawesome-webfont3e6e.html?v=4.7.0 @ https://keuangan.kontan.co.id/news/bisnis-remitansi-menjanjikan-kiriman-uang-pmi-tembus-us916-miliar:0
[     767ms] [WARNING] OTS parsing error: Failed to convert WOFF 2.0 font to SFNT @ https://keuangan.kontan.co.id/news/bisnis-remitansi-menjanjikan-kiriman-uang-pmi-tembus-us916-miliar:0
[     798ms] [ERROR] Failed to load resource: the server responded with a status of 400 () @ https://prebid-server.pbstck.com/openrtb2/auction:0
[     861ms] [WARNING] [GPT] PubAdsService.disableInitialLoad is deprecated, use googletag.setConfig({disableInitialLoad: ...}) instead.
https://goo.gle/gpt-message#170 @ https://securepubads.g.doubleclick.net/pagead/managed/js/gpt/m202609170101/pubads_impl.js?cb=122881142:22
[     866ms] [WARNING] [GPT] Slot.setTargeting is deprecated, use Slot.setConfig({targeting: ...}) instead.
https://goo.gle/gpt-message#171 @ https://securepubads.g.doubleclick.net/pagead/managed/js/gpt/m202609170101/pubads_impl.js?cb=122881142:22
[    1218ms] [ERROR] Failed to load resource: the server responded with a status of 400 (Bad Request) @ https://bimax.telkomsel.com/bimax/?source_name=TAS&cookies_id=94ee6bfb-f122-42bd-a15e-b8a40ae4669e:0
[    1242ms] [WARNING] Failed to decode downloaded font: https://asset.kontan.co.id/general/third-party/font-awesome-4.7.0/fonts/fontawesome-webfont3e6e.html?v=4.7.0 @ https://keuangan.kontan.co.id/news/bisnis-remitansi-menjanjikan-kiriman-uang-pmi-tembus-us916-miliar:0
[    1242ms] [WARNING] OTS parsing error: Failed to convert WOFF 2.0 font to SFNT @ https://keuangan.kontan.co.id/news/bisnis-remitansi-menjanjikan-kiriman-uang-pmi-tembus-us916-miliar:0
[    1338ms] [WARNING] Failed to decode downloaded font: https://asset.kontan.co.id/general/third-party/font-awesome-4.7.0/fonts/fontawesome-webfont3e6e.html?v=4.7.0 @ https://keuangan.kontan.co.id/news/bisnis-remitansi-menjanjikan-kiriman-uang-pmi-tembus-us916-miliar:0
[    1338ms] [WARNING] OTS parsing error: Failed to convert WOFF 2.0 font to SFNT @ https://keuangan.kontan.co.id/news/bisnis-remitansi-menjanjikan-kiriman-uang-pmi-tembus-us916-miliar:0
[    1744ms] [ERROR] Failed to load resource: net::ERR_NAME_NOT_RESOLVED @ https://dps.jp.cinarra.com/pxd?PLATFORM_ID=1&USER_ID=ad462e68-8f54-8918-e9fc-517c46ab344c:0
[    1891ms] [ERROR] Failed to load resource: the server responded with a status of 400 () @ https://match.prod.bidr.io/cookie-sync/richaudience?gdpr=0&gdpr_consent=:0
[    2527ms] [LOG] S ❌ Tidak ada kategori yang cocok. @ https://keuangan.kontan.co.id/news/bisnis-remitansi-menjanjikan-kiriman-uang-pmi-tembus-us916-miliar:501
[    2540ms] [TIMEEND] Shopee Affiliate API: 375.963134765625 ms @ https://keuangan.kontan.co.id/news/bisnis-remitansi-menjanjikan-kiriman-uang-pmi-tembus-us916-miliar:1
[    2673ms] [ERROR] Access to XMLHttpRequest at 'https://kompascybermedia-d.openx.net/w/1.0/arj?ju=https%3A%2F%2Fkeuangan.kontan.co.id%2Fnews%2Fbisnis-remitansi-menjanjikan-kiriman-uang-pmi-tembus-us916-miliar&ch=UTF-8&res=1710x1112x30&ifr=true&tz=-420&tws=967x943&be=1&bc=hb_pb_3.0.2&dddid=ccd9188d-33a9-4bde-944c-d174bdef04d9&nocache=1790502612541&aus=728x90&divIds=postbid_iframe&auid=541029643' from origin 'https://keuangan.kontan.co.id' has been blocked by CORS policy: No 'Access-Control-Allow-Origin' header is present on the requested resource. @ https://keuangan.kontan.co.id/news/bisnis-remitansi-menjanjikan-kiriman-uang-pmi-tembus-us916-miliar:0
[    2674ms] [ERROR] Failed to load resource: net::ERR_FAILED @ https://kompascybermedia-d.openx.net/w/1.0/arj?ju=https%3A%2F%2Fkeuangan.kontan.co.id%2Fnews%2Fbisnis-remitansi-menjanjikan-kiriman-uang-pmi-tembus-us916-miliar&ch=UTF-8&res=1710x1112x30&ifr=true&tz=-420&tws=967x943&be=1&bc=hb_pb_3.0.2&dddid=ccd9188d-33a9-4bde-944c-d174bdef04d9&nocache=1790502612541&aus=728x90&divIds=postbid_iframe&auid=541029643:0
[    1891ms] [ERROR] Failed to load resource: the server responded with a status of 400 () @ https://match.prod.bidr.io/cookie-sync/richaudience?gdpr=0&gdpr_consent=:0
[    3079ms] [WARNING] The googletag.pubads().definePassback function has been deprecated. The function may break in certain contexts, see https://developers.google.com/publisher-tag/guides/passback-tags#construct_passback_tags for how to correctly create a passback. @ https://securepubads.g.doubleclick.net/pagead/managed/js/gpt/m202609110102/pubads_impl.js?cb=122881155:18
[    3094ms] [ERROR] Failed to load resource: the server responded with a status of 403 () @ https://api.trafficguard.ai/api/v4/client-side/validate/impression:0
[    3766ms] [ERROR] Failed to load resource: net::ERR_CERT_COMMON_NAME_INVALID @ https://www.temu.com/api/adx/cm/pixel?google_gid=CAESEPL8YDufemIb18naJGtV_4A&google_cver=1&google_push=AbeoXYxXW4ByBY62liwKkCwL-0R9X0KJaaaq3MLho8jR4XyLTP_Qg_FV3k0Zaa5Ur98V0ZrGTPWPtja92ovNRa7ub3gTOkACuTNNGsE5UeGX2fwnZSUrx-oPxi2pzS7XaMrYSLKjjKMER2gm_JmxgnCrwwbi:0
[    3792ms] [WARNING] Failed to decode downloaded font: https://asset.kontan.co.id/general/third-party/font-awesome-4.7.0/fonts/fontawesome-webfont3e6e.html?v=4.7.0 @ https://keuangan.kontan.co.id/news/bisnis-remitansi-menjanjikan-kiriman-uang-pmi-tembus-us916-miliar:0
[    3792ms] [WARNING] OTS parsing error: Failed to convert WOFF 2.0 font to SFNT @ https://keuangan.kontan.co.id/news/bisnis-remitansi-menjanjikan-kiriman-uang-pmi-tembus-us916-miliar:0
[    3804ms] [WARNING] Failed to decode downloaded font: https://asset.kontan.co.id/general/third-party/font-awesome-4.7.0/fonts/fontawesome-webfont3e6e.html?v=4.7.0 @ https://keuangan.kontan.co.id/news/bisnis-remitansi-menjanjikan-kiriman-uang-pmi-tembus-us916-miliar:0
[    3804ms] [WARNING] OTS parsing error: Failed to convert WOFF 2.0 font to SFNT @ https://keuangan.kontan.co.id/news/bisnis-remitansi-menjanjikan-kiriman-uang-pmi-tembus-us916-miliar:0
[    3814ms] [WARNING] Failed to decode downloaded font: https://asset.kontan.co.id/general/third-party/font-awesome-4.7.0/fonts/fontawesome-webfont3e6e.html?v=4.7.0 @ https://keuangan.kontan.co.id/news/bisnis-remitansi-menjanjikan-kiriman-uang-pmi-tembus-us916-miliar:0
[    3814ms] [WARNING] OTS parsing error: Failed to convert WOFF 2.0 font to SFNT @ https://keuangan.kontan.co.id/news/bisnis-remitansi-menjanjikan-kiriman-uang-pmi-tembus-us916-miliar:0
[    3853ms] [WARNING] Failed to decode downloaded font: https://asset.kontan.co.id/general/third-party/font-awesome-4.7.0/fonts/fontawesome-webfont3e6e.html?v=4.7.0 @ https://keuangan.kontan.co.id/news/bisnis-remitansi-menjanjikan-kiriman-uang-pmi-tembus-us916-miliar:0
[    3853ms] [WARNING] OTS parsing error: Failed to convert WOFF 2.0 font to SFNT @ https://keuangan.kontan.co.id/news/bisnis-remitansi-menjanjikan-kiriman-uang-pmi-tembus-us916-miliar:0
[    3881ms] [ERROR] Failed to load resource: the server responded with a status of 424 (Failed Dependency) @ https://t.adx.opera.com/pub/sync?pubid=pub10101531197440&gdpr=1&gdpr_consent=:0
[    4232ms] [ERROR] Failed to load resource: the server responded with a status of 404 () @ https://tracker.oval.id/785c7383-6363-4124-ad14-0b599cb2acd0/v1/user-segments/950c436b-9b65-4581-b341-9ca201c4a2e8:0
[    1744ms] [ERROR] Failed to load resource: net::ERR_NAME_NOT_RESOLVED @ https://dps.jp.cinarra.com/pxd?PLATFORM_ID=1&USER_ID=ad462e68-8f54-8918-e9fc-517c46ab344c:0
[    4448ms] [WARNING] Failed to decode downloaded font: https://asset.kontan.co.id/general/third-party/font-awesome-4.7.0/fonts/fontawesome-webfont3e6e.html?v=4.7.0 @ https://staticjs.adsafeprotected.com/fw.js?advEntityId=2894187&pubEntityId=96504579:0
[    4448ms] [WARNING] OTS parsing error: Failed to convert WOFF 2.0 font to SFNT @ https://staticjs.adsafeprotected.com/fw.js?advEntityId=2894187&pubEntityId=96504579:0
[    4449ms] [WARNING] Failed to decode downloaded font: https://asset.kontan.co.id/general/third-party/font-awesome-4.7.0/fonts/fontawesome-webfont3e6e.html?v=4.7.0 @ https://staticjs.adsafeprotected.com/fw.js?advEntityId=2894187&pubEntityId=96504579:0
[    4449ms] [WARNING] OTS parsing error: Failed to convert WOFF 2.0 font to SFNT @ https://staticjs.adsafeprotected.com/fw.js?advEntityId=2894187&pubEntityId=96504579:0
[    4450ms] [WARNING] Failed to decode downloaded font: https://asset.kontan.co.id/general/third-party/font-awesome-4.7.0/fonts/fontawesome-webfont3e6e.html?v=4.7.0 @ https://keuangan.kontan.co.id/news/bisnis-remitansi-menjanjikan-kiriman-uang-pmi-tembus-us916-miliar:0
[    4450ms] [WARNING] OTS parsing error: Failed to convert WOFF 2.0 font to SFNT @ https://keuangan.kontan.co.id/news/bisnis-remitansi-menjanjikan-kiriman-uang-pmi-tembus-us916-miliar:0
