[     806ms] [LOG] [detikLiveUserCounterResponse] start is working, version is v1.13 @ https://cdn.detik.net.id/libs/livecounter/detikLiveUserCounterResponse.min.js?v=2026092716:0
[     991ms] Identifier '_0x161b02' has already been declared
[     992ms] Identifier '_0x161b02' has already been declared
[     992ms] Identifier '_0x161b02' has already been declared
[    1112ms] [LOG] heartbeats undefined @ https://www.gstatic.com/firebasejs/10.13.0/firebase-app.js:2499
[    1112ms] [LOG] heartbeats undefined @ https://www.gstatic.com/firebasejs/10.13.0/firebase-app.js:2499
[    1112ms] [LOG] heartbeats undefined @ https://www.gstatic.com/firebasejs/10.13.0/firebase-app.js:2499
[    1113ms] [LOG] Requesting permission... @ https://cdn.cnbcindonesia.com/cnbc/js/firebase-msg.js?v=7.0.7:189
[    1165ms] [LOG] AB_ - dsrec source:  {src: internal, url: https://recg.cnbcindonesia.com/article-recommendation/detail/, tracking_rec: internal} @ https://cdn.cnbcindonesia.com/cnbc/js/cnbc.custom.js?v=7.0.7:208
[    1166ms] [LOG] AB_ - on testing dsrec source:  {src: internal, url: https://recg.cnbcindonesia.com/article-recommendation/detail/, tracking_rec: internal} @ https://cdn.cnbcindonesia.com/cnbc/js/cnbc.custom.js?v=7.0.7:229
[    1168ms] [LOG] switcher @ https://cdn.cnbcindonesia.com/cnbc/js/oembed.js?v=7.0.7:21
[    1168ms] [LOG] on @ https://cdn.cnbcindonesia.com/cnbc/js/oembed.js?v=7.0.7:22
[    1272ms] [WARNING] [GPT] PubAdsService.enableSingleRequest is deprecated, use googletag.setConfig({singleRequest: ...}) instead.
https://goo.gle/gpt-message#170 @ https://securepubads.g.doubleclick.net/pagead/managed/js/gpt/m202609170101/pubads_impl.js:22
[    1325ms] [LOG] [detikBigDataSdk3] [detikTracker] version is 4.0 @ https://cdn.detik.net.id/loganalysistracker/detikBigDataSdk3.min.js:0
[    1328ms] [LOG] [detikBigDataSdk3] version is 3.28 {in_iframe: false, location_href: https://www.cnbcindonesia.com/market/2026080417345…saksi-kripto-ri-rp2858-triliun-konsumen-2269-juta} @ https://cdn.detik.net.id/loganalysistracker/detikBigDataSdk3.min.js:0
[    1340ms] [LOG] impression:v5 @ :0
[    1370ms] [LOG] AB_ response internal result:  {head: Object, body: Array(8), debug: Object} @ https://cdn.cnbcindonesia.com/cnbc/js/cnbc.custom.js?v=7.0.7:380
[    1384ms] [LOG] AB_ data internal result:  [Object, Object, Object, Object, Object, Object, Object, Object] @ https://cdn.cnbcindonesia.com/cnbc/js/cnbc.custom.js?v=7.0.7:401
[    2678ms] [ERROR] Failed to load resource: net::ERR_CERT_COMMON_NAME_INVALID @ https://www.temu.com/api/adx/cm/pixel-google?google_gid=CAESEPL8YDufemIb18naJGtV_4A&google_cver=1&google_push=AbeoXYxlb-aCq5pDGoQ-3IruQTVFr0mxOCaxaQhnd7ff5RLgdb_Hq0UylYch0ziYgCefqFjLvcX3c_jXUNYTnWvANiOEP2VZdc2XIgETr3VOqbKBZAdLuNK9Scwa7mnAA3z0epRdQIRKVM1cfXb9xdnpuQL6mQ:0
[    2744ms] [WARNING] [GPT] Using deprecated googletag.encryptedSignalProviders. Please use googletag.secureSignalProviders instead.
https://goo.gle/gpt-message#155 @ https://securepubads.g.doubleclick.net/pagead/managed/js/gpt/m202609170101/pubads_impl.js:22
[    2678ms] [ERROR] Failed to load resource: net::ERR_CERT_COMMON_NAME_INVALID @ https://www.temu.com/api/adx/cm/pixel-google?google_gid=CAESEPL8YDufemIb18naJGtV_4A&google_cver=1&google_push=AbeoXYxlb-aCq5pDGoQ-3IruQTVFr0mxOCaxaQhnd7ff5RLgdb_Hq0UylYch0ziYgCefqFjLvcX3c_jXUNYTnWvANiOEP2VZdc2XIgETr3VOqbKBZAdLuNK9Scwa7mnAA3z0epRdQIRKVM1cfXb9xdnpuQL6mQ:0
