[     417ms] [INFO] %cDownload the React DevTools for a better development experience: https://react.dev/link/react-devtools font-weight:bold @ http://localhost:3000/_next/static/chunks/1gp2_next_dist_1d8isf7._.js:776
[     508ms] [LOG] [HMR] connected @ http://localhost:3000/_next/static/chunks/1gp2_next_dist_1d8isf7._.js:776
[   25028ms] [LOG] [Fast Refresh] rebuilding @ http://localhost:3000/_next/static/chunks/1gp2_next_dist_1d8isf7._.js:776
[   25054ms] [LOG] [Fast Refresh] done in 7ms @ http://localhost:3000/_next/static/chunks/1gp2_next_dist_1d8isf7._.js:776
[   25091ms] [LOG] [Fast Refresh] done in 7ms @ http://localhost:3000/_next/static/chunks/1gp2_next_dist_1d8isf7._.js:776
[   59818ms] [LOG] [Fast Refresh] rebuilding @ http://localhost:3000/_next/static/chunks/1gp2_next_dist_1d8isf7._.js:776
[   59864ms] [LOG] [Fast Refresh] done in 14ms @ http://localhost:3000/_next/static/chunks/1gp2_next_dist_1d8isf7._.js:776
[   64266ms] [LOG] [Fast Refresh] done in 14ms @ http://localhost:3000/_next/static/chunks/1gp2_next_dist_1d8isf7._.js:776
[   70726ms] [LOG] [Fast Refresh] done in 14ms @ http://localhost:3000/_next/static/chunks/1gp2_next_dist_1d8isf7._.js:776
[   70851ms] [INFO] %cDownload the React DevTools for a better development experience: https://react.dev/link/react-devtools font-weight:bold @ http://localhost:3000/_next/static/chunks/1gp2_next_dist_1d8isf7._.js:776
[   70863ms] [LOG] [HMR] connected @ http://localhost:3000/_next/static/chunks/1gp2_next_dist_1d8isf7._.js:776
[  513293ms] [LOG] [Fast Refresh] rebuilding @ http://localhost:3000/_next/static/chunks/1gp2_next_dist_1d8isf7._.js:776
[  513349ms] [LOG] [Fast Refresh] done in 2ms @ http://localhost:3000/_next/static/chunks/1gp2_next_dist_1d8isf7._.js:776
[  520451ms] [LOG] [Fast Refresh] done in 2ms @ http://localhost:3000/_next/static/chunks/1gp2_next_dist_1d8isf7._.js:776
[  520545ms] [INFO] %cDownload the React DevTools for a better development experience: https://react.dev/link/react-devtools font-weight:bold @ http://localhost:3000/_next/static/chunks/1gp2_next_dist_1d8isf7._.js:776
[  520558ms] [LOG] [HMR] connected @ http://localhost:3000/_next/static/chunks/1gp2_next_dist_1d8isf7._.js:776
[  537889ms] [LOG] [Fast Refresh] rebuilding @ http://localhost:3000/_next/static/chunks/1gp2_next_dist_1d8isf7._.js:776
[  537929ms] [LOG] [Fast Refresh] done in 8ms @ http://localhost:3000/_next/static/chunks/1gp2_next_dist_1d8isf7._.js:776
[  567660ms] [LOG] [Fast Refresh] rebuilding @ http://localhost:3000/_next/static/chunks/1gp2_next_dist_1d8isf7._.js:776
[  567694ms] [LOG] [Fast Refresh] done in 4ms @ http://localhost:3000/_next/static/chunks/1gp2_next_dist_1d8isf7._.js:776
[  583409ms] [LOG] [Fast Refresh] rebuilding @ http://localhost:3000/_next/static/chunks/1gp2_next_dist_1d8isf7._.js:776
[  583460ms] [LOG] [Fast Refresh] done in 4ms @ http://localhost:3000/_next/static/chunks/1gp2_next_dist_1d8isf7._.js:776
[  614658ms] [LOG] [Fast Refresh] rebuilding @ http://localhost:3000/_next/static/chunks/1gp2_next_dist_1d8isf7._.js:776
[  614715ms] [LOG] [Fast Refresh] done in 24ms @ http://localhost:3000/_next/static/chunks/1gp2_next_dist_1d8isf7._.js:776
[  627532ms] [LOG] [Fast Refresh] done in 24ms @ http://localhost:3000/_next/static/chunks/1gp2_next_dist_1d8isf7._.js:776
[  627736ms] [INFO] %cDownload the React DevTools for a better development experience: https://react.dev/link/react-devtools font-weight:bold @ http://localhost:3000/_next/static/chunks/1gp2_next_dist_1d8isf7._.js:776
[  627756ms] [LOG] [HMR] connected @ http://localhost:3000/_next/static/chunks/1gp2_next_dist_1d8isf7._.js:776
[  672778ms] [LOG] [Fast Refresh] rebuilding @ http://localhost:3000/_next/static/chunks/1gp2_next_dist_1d8isf7._.js:776
[  672828ms] [LOG] [Fast Refresh] done in 26ms @ http://localhost:3000/_next/static/chunks/1gp2_next_dist_1d8isf7._.js:776
[  680817ms] [LOG] [Fast Refresh] rebuilding @ http://localhost:3000/_next/static/chunks/1gp2_next_dist_1d8isf7._.js:776
[  680881ms] [LOG] [Fast Refresh] done in 3ms @ http://localhost:3000/_next/static/chunks/1gp2_next_dist_1d8isf7._.js:776
[  687678ms] [LOG] [Fast Refresh] done in 3ms @ http://localhost:3000/_next/static/chunks/1gp2_next_dist_1d8isf7._.js:776
[  687846ms] [INFO] %cDownload the React DevTools for a better development experience: https://react.dev/link/react-devtools font-weight:bold @ http://localhost:3000/_next/static/chunks/1gp2_next_dist_1d8isf7._.js:776
[  687860ms] [LOG] [HMR] connected @ http://localhost:3000/_next/static/chunks/1gp2_next_dist_1d8isf7._.js:776
[ 1738246ms] [LOG] [Fast Refresh] rebuilding @ http://localhost:3000/_next/static/chunks/1gp2_next_dist_1d8isf7._.js:776
[ 1738380ms] [LOG] [Fast Refresh] done in 114ms @ http://localhost:3000/_next/static/chunks/1gp2_next_dist_1d8isf7._.js:776
[ 1738394ms] [LOG] [Fast Refresh] done in 114ms @ http://localhost:3000/_next/static/chunks/1gp2_next_dist_1d8isf7._.js:776
[ 1739280ms] [LOG] [Fast Refresh] done in 114ms @ http://localhost:3000/_next/static/chunks/1gp2_next_dist_1d8isf7._.js:776
[ 1741275ms] [LOG] [Fast Refresh] done in 114ms @ http://localhost:3000/_next/static/chunks/1gp2_next_dist_1d8isf7._.js:776
[ 1742921ms] [LOG] [Fast Refresh] done in 114ms @ http://localhost:3000/_next/static/chunks/1gp2_next_dist_1d8isf7._.js:776
[ 1743920ms] [LOG] [Fast Refresh] done in 114ms @ http://localhost:3000/_next/static/chunks/1gp2_next_dist_1d8isf7._.js:776
[ 1745270ms] [LOG] [Fast Refresh] done in 114ms @ http://localhost:3000/_next/static/chunks/1gp2_next_dist_1d8isf7._.js:776
[ 1747285ms] [LOG] [Fast Refresh] done in 114ms @ http://localhost:3000/_next/static/chunks/1gp2_next_dist_1d8isf7._.js:776
[ 1749275ms] [LOG] [Fast Refresh] done in 114ms @ http://localhost:3000/_next/static/chunks/1gp2_next_dist_1d8isf7._.js:776
[ 1751293ms] [LOG] [Fast Refresh] done in 114ms @ http://localhost:3000/_next/static/chunks/1gp2_next_dist_1d8isf7._.js:776
[ 1753280ms] [LOG] [Fast Refresh] done in 114ms @ http://localhost:3000/_next/static/chunks/1gp2_next_dist_1d8isf7._.js:776
[ 1755286ms] [LOG] [Fast Refresh] done in 114ms @ http://localhost:3000/_next/static/chunks/1gp2_next_dist_1d8isf7._.js:776
[ 1757333ms] [LOG] [Fast Refresh] done in 114ms @ http://localhost:3000/_next/static/chunks/1gp2_next_dist_1d8isf7._.js:776
[ 1759279ms] [LOG] [Fast Refresh] done in 114ms @ http://localhost:3000/_next/static/chunks/1gp2_next_dist_1d8isf7._.js:776
[ 1761269ms] [LOG] [Fast Refresh] done in 114ms @ http://localhost:3000/_next/static/chunks/1gp2_next_dist_1d8isf7._.js:776
[ 1763276ms] [LOG] [Fast Refresh] done in 114ms @ http://localhost:3000/_next/static/chunks/1gp2_next_dist_1d8isf7._.js:776
[ 1765290ms] [LOG] [Fast Refresh] done in 114ms @ http://localhost:3000/_next/static/chunks/1gp2_next_dist_1d8isf7._.js:776
[ 1767269ms] [LOG] [Fast Refresh] done in 114ms @ http://localhost:3000/_next/static/chunks/1gp2_next_dist_1d8isf7._.js:776
[ 1769273ms] [LOG] [Fast Refresh] done in 114ms @ http://localhost:3000/_next/static/chunks/1gp2_next_dist_1d8isf7._.js:776
[ 1771274ms] [LOG] [Fast Refresh] done in 114ms @ http://localhost:3000/_next/static/chunks/1gp2_next_dist_1d8isf7._.js:776
[ 1773273ms] [LOG] [Fast Refresh] done in 114ms @ http://localhost:3000/_next/static/chunks/1gp2_next_dist_1d8isf7._.js:776
[ 1775275ms] [LOG] [Fast Refresh] done in 114ms @ http://localhost:3000/_next/static/chunks/1gp2_next_dist_1d8isf7._.js:776
[ 1777310ms] [LOG] [Fast Refresh] done in 114ms @ http://localhost:3000/_next/static/chunks/1gp2_next_dist_1d8isf7._.js:776
[ 1779038ms] [LOG] [Fast Refresh] done in 114ms @ http://localhost:3000/_next/static/chunks/1gp2_next_dist_1d8isf7._.js:776
[ 1779270ms] [LOG] [Fast Refresh] done in 114ms @ http://localhost:3000/_next/static/chunks/1gp2_next_dist_1d8isf7._.js:776
[ 1780554ms] [LOG] [Fast Refresh] done in 114ms @ http://localhost:3000/_next/static/chunks/1gp2_next_dist_1d8isf7._.js:776
[ 1782271ms] [LOG] [Fast Refresh] done in 114ms @ http://localhost:3000/_next/static/chunks/1gp2_next_dist_1d8isf7._.js:776
[ 1784272ms] [LOG] [Fast Refresh] done in 114ms @ http://localhost:3000/_next/static/chunks/1gp2_next_dist_1d8isf7._.js:776
[ 1786284ms] [LOG] [Fast Refresh] done in 114ms @ http://localhost:3000/_next/static/chunks/1gp2_next_dist_1d8isf7._.js:776
[ 1788297ms] [LOG] [Fast Refresh] done in 114ms @ http://localhost:3000/_next/static/chunks/1gp2_next_dist_1d8isf7._.js:776
[ 1790376ms] [LOG] [Fast Refresh] done in 114ms @ http://localhost:3000/_next/static/chunks/1gp2_next_dist_1d8isf7._.js:776
[ 1792432ms] [LOG] [Fast Refresh] done in 114ms @ http://localhost:3000/_next/static/chunks/1gp2_next_dist_1d8isf7._.js:776
[ 1848385ms] [LOG] [Fast Refresh] rebuilding @ http://localhost:3000/_next/static/chunks/1gp2_next_dist_1d8isf7._.js:776
[ 1848407ms] [LOG] [Fast Refresh] done in 3ms @ http://localhost:3000/_next/static/chunks/1gp2_next_dist_1d8isf7._.js:776
[ 1848509ms] [LOG] [Fast Refresh] done in 3ms @ http://localhost:3000/_next/static/chunks/1gp2_next_dist_1d8isf7._.js:776
[ 1849272ms] [LOG] [Fast Refresh] done in 3ms @ http://localhost:3000/_next/static/chunks/1gp2_next_dist_1d8isf7._.js:776
[ 1851270ms] [LOG] [Fast Refresh] done in 3ms @ http://localhost:3000/_next/static/chunks/1gp2_next_dist_1d8isf7._.js:776
[ 1853275ms] [LOG] [Fast Refresh] done in 3ms @ http://localhost:3000/_next/static/chunks/1gp2_next_dist_1d8isf7._.js:776
[ 1855272ms] [LOG] [Fast Refresh] done in 3ms @ http://localhost:3000/_next/static/chunks/1gp2_next_dist_1d8isf7._.js:776
[ 1857273ms] [LOG] [Fast Refresh] done in 3ms @ http://localhost:3000/_next/static/chunks/1gp2_next_dist_1d8isf7._.js:776
[ 1859271ms] [LOG] [Fast Refresh] done in 3ms @ http://localhost:3000/_next/static/chunks/1gp2_next_dist_1d8isf7._.js:776
[ 1861269ms] [LOG] [Fast Refresh] done in 3ms @ http://localhost:3000/_next/static/chunks/1gp2_next_dist_1d8isf7._.js:776
[ 1863270ms] [LOG] [Fast Refresh] done in 3ms @ http://localhost:3000/_next/static/chunks/1gp2_next_dist_1d8isf7._.js:776
[ 1865272ms] [LOG] [Fast Refresh] done in 3ms @ http://localhost:3000/_next/static/chunks/1gp2_next_dist_1d8isf7._.js:776
[ 1867269ms] [LOG] [Fast Refresh] done in 3ms @ http://localhost:3000/_next/static/chunks/1gp2_next_dist_1d8isf7._.js:776
[ 1867320ms] [LOG] [Fast Refresh] rebuilding @ http://localhost:3000/_next/static/chunks/1gp2_next_dist_1d8isf7._.js:776
[ 1867375ms] [LOG] [Fast Refresh] done in 10ms @ http://localhost:3000/_next/static/chunks/1gp2_next_dist_1d8isf7._.js:776
[ 1868272ms] [LOG] [Fast Refresh] done in 10ms @ http://localhost:3000/_next/static/chunks/1gp2_next_dist_1d8isf7._.js:776
[ 1870270ms] [LOG] [Fast Refresh] done in 10ms @ http://localhost:3000/_next/static/chunks/1gp2_next_dist_1d8isf7._.js:776
[ 1872272ms] [LOG] [Fast Refresh] done in 10ms @ http://localhost:3000/_next/static/chunks/1gp2_next_dist_1d8isf7._.js:776
[ 1874270ms] [LOG] [Fast Refresh] done in 10ms @ http://localhost:3000/_next/static/chunks/1gp2_next_dist_1d8isf7._.js:776
[ 1876270ms] [LOG] [Fast Refresh] done in 10ms @ http://localhost:3000/_next/static/chunks/1gp2_next_dist_1d8isf7._.js:776
[ 1878270ms] [LOG] [Fast Refresh] done in 10ms @ http://localhost:3000/_next/static/chunks/1gp2_next_dist_1d8isf7._.js:776
[ 1880272ms] [LOG] [Fast Refresh] done in 10ms @ http://localhost:3000/_next/static/chunks/1gp2_next_dist_1d8isf7._.js:776
[ 1882268ms] [LOG] [Fast Refresh] done in 10ms @ http://localhost:3000/_next/static/chunks/1gp2_next_dist_1d8isf7._.js:776
[ 1884270ms] [LOG] [Fast Refresh] done in 10ms @ http://localhost:3000/_next/static/chunks/1gp2_next_dist_1d8isf7._.js:776
[ 1885078ms] [LOG] [Fast Refresh] done in 10ms @ http://localhost:3000/_next/static/chunks/1gp2_next_dist_1d8isf7._.js:776
[ 1886273ms] [LOG] [Fast Refresh] done in 10ms @ http://localhost:3000/_next/static/chunks/1gp2_next_dist_1d8isf7._.js:776
[ 1888272ms] [LOG] [Fast Refresh] done in 10ms @ http://localhost:3000/_next/static/chunks/1gp2_next_dist_1d8isf7._.js:776
[ 1890269ms] [LOG] [Fast Refresh] done in 10ms @ http://localhost:3000/_next/static/chunks/1gp2_next_dist_1d8isf7._.js:776
[ 1892269ms] [LOG] [Fast Refresh] done in 10ms @ http://localhost:3000/_next/static/chunks/1gp2_next_dist_1d8isf7._.js:776
[ 1893100ms] [LOG] [Fast Refresh] done in 10ms @ http://localhost:3000/_next/static/chunks/1gp2_next_dist_1d8isf7._.js:776
[ 1893209ms] [INFO] %cDownload the React DevTools for a better development experience: https://react.dev/link/react-devtools font-weight:bold @ http://localhost:3000/_next/static/chunks/1gp2_next_dist_1d8isf7._.js:776
[ 1893232ms] [LOG] [HMR] connected @ http://localhost:3000/_next/static/chunks/1gp2_next_dist_1d8isf7._.js:776
[ 2389076ms] [ERROR] WebSocket connection to 'ws://localhost:3000/_next/hmr?id=cWnDeRvVF_QXwTgJqLmbE' failed: Error in connection establishment: net::ERR_CONNECTION_REFUSED @ http://localhost:3000/_next/static/chunks/1gp2_next_dist_client_0trdkt0._.js:16348
[ 2390084ms] [ERROR] WebSocket connection to 'ws://localhost:3000/_next/hmr?id=cWnDeRvVF_QXwTgJqLmbE' failed: Error in connection establishment: net::ERR_CONNECTION_REFUSED @ http://localhost:3000/_next/static/chunks/1gp2_next_dist_client_0trdkt0._.js:16348
[ 2391089ms] [ERROR] WebSocket connection to 'ws://localhost:3000/_next/hmr?id=cWnDeRvVF_QXwTgJqLmbE' failed: Error in connection establishment: net::ERR_CONNECTION_REFUSED @ http://localhost:3000/_next/static/chunks/1gp2_next_dist_client_0trdkt0._.js:16348
[ 2392096ms] [ERROR] WebSocket connection to 'ws://localhost:3000/_next/hmr?id=cWnDeRvVF_QXwTgJqLmbE' failed: Error in connection establishment: net::ERR_CONNECTION_REFUSED @ http://localhost:3000/_next/static/chunks/1gp2_next_dist_client_0trdkt0._.js:16348
[ 2393100ms] [ERROR] WebSocket connection to 'ws://localhost:3000/_next/hmr?id=cWnDeRvVF_QXwTgJqLmbE' failed: Error in connection establishment: net::ERR_CONNECTION_REFUSED @ http://localhost:3000/_next/static/chunks/1gp2_next_dist_client_0trdkt0._.js:16348
[ 2399516ms] [LOG] [HMR] connected @ http://localhost:3000/_next/static/chunks/1gp2_next_dist_1d8isf7._.js:776
[ 2401200ms] [INFO] %cDownload the React DevTools for a better development experience: https://react.dev/link/react-devtools font-weight:bold @ http://localhost:3000/_next/static/chunks/1gp2_next_dist_1d8isf7._.js:776
[ 2401220ms] [LOG] [HMR] connected @ http://localhost:3000/_next/static/chunks/1gp2_next_dist_1d8isf7._.js:776
[ 2482147ms] [LOG] [Fast Refresh] rebuilding @ http://localhost:3000/_next/static/chunks/1gp2_next_dist_1d8isf7._.js:776
[ 2482189ms] [LOG] [Fast Refresh] done in 100ms @ http://localhost:3000/_next/static/chunks/1gp2_next_dist_1d8isf7._.js:776
[ 2482236ms] [LOG] [Fast Refresh] done in 100ms @ http://localhost:3000/_next/static/chunks/1gp2_next_dist_1d8isf7._.js:776
[ 2482276ms] [LOG] [Fast Refresh] done in 100ms @ http://localhost:3000/_next/static/chunks/1gp2_next_dist_1d8isf7._.js:776
[ 2494570ms] [LOG] [Fast Refresh] done in 100ms @ http://localhost:3000/_next/static/chunks/1gp2_next_dist_1d8isf7._.js:776
[ 2494641ms] [INFO] %cDownload the React DevTools for a better development experience: https://react.dev/link/react-devtools font-weight:bold @ http://localhost:3000/_next/static/chunks/1gp2_next_dist_1d8isf7._.js:776
[ 2494652ms] [LOG] [HMR] connected @ http://localhost:3000/_next/static/chunks/1gp2_next_dist_1d8isf7._.js:776
[ 2530159ms] [LOG] [Fast Refresh] rebuilding @ http://localhost:3000/_next/static/chunks/1gp2_next_dist_1d8isf7._.js:776
[ 2530215ms] [LOG] [Fast Refresh] done in 9ms @ http://localhost:3000/_next/static/chunks/1gp2_next_dist_1d8isf7._.js:776
[ 2540046ms] [LOG] [Fast Refresh] done in 9ms @ http://localhost:3000/_next/static/chunks/1gp2_next_dist_1d8isf7._.js:776
[ 2540129ms] [INFO] %cDownload the React DevTools for a better development experience: https://react.dev/link/react-devtools font-weight:bold @ http://localhost:3000/_next/static/chunks/1gp2_next_dist_1d8isf7._.js:776
[ 2540147ms] [LOG] [HMR] connected @ http://localhost:3000/_next/static/chunks/1gp2_next_dist_1d8isf7._.js:776
[ 3038836ms] [ERROR] WebSocket connection to 'ws://localhost:3000/_next/hmr?id=y3pZk3CHpBdS0zcmPtYlI' failed: Error in connection establishment: net::ERR_CONNECTION_REFUSED @ http://localhost:3000/_next/static/chunks/1gp2_next_dist_client_0trdkt0._.js:16348
[ 3039841ms] [ERROR] WebSocket connection to 'ws://localhost:3000/_next/hmr?id=y3pZk3CHpBdS0zcmPtYlI' failed: Error in connection establishment: net::ERR_CONNECTION_REFUSED @ http://localhost:3000/_next/static/chunks/1gp2_next_dist_client_0trdkt0._.js:16348
[ 3040844ms] [ERROR] WebSocket connection to 'ws://localhost:3000/_next/hmr?id=y3pZk3CHpBdS0zcmPtYlI' failed: Error in connection establishment: net::ERR_CONNECTION_REFUSED @ http://localhost:3000/_next/static/chunks/1gp2_next_dist_client_0trdkt0._.js:16348
[ 3041849ms] [ERROR] WebSocket connection to 'ws://localhost:3000/_next/hmr?id=y3pZk3CHpBdS0zcmPtYlI' failed: Error in connection establishment: net::ERR_CONNECTION_REFUSED @ http://localhost:3000/_next/static/chunks/1gp2_next_dist_client_0trdkt0._.js:16348
[ 3042857ms] [ERROR] WebSocket connection to 'ws://localhost:3000/_next/hmr?id=y3pZk3CHpBdS0zcmPtYlI' failed: Error in connection establishment: net::ERR_CONNECTION_REFUSED @ http://localhost:3000/_next/static/chunks/1gp2_next_dist_client_0trdkt0._.js:16348
[ 3047862ms] [ERROR] WebSocket connection to 'ws://localhost:3000/_next/hmr?id=y3pZk3CHpBdS0zcmPtYlI' failed: Error in connection establishment: net::ERR_CONNECTION_REFUSED @ http://localhost:3000/_next/static/chunks/1gp2_next_dist_client_0trdkt0._.js:16348
[ 3052877ms] [ERROR] WebSocket connection to 'ws://localhost:3000/_next/hmr?id=y3pZk3CHpBdS0zcmPtYlI' failed: Error in connection establishment: net::ERR_CONNECTION_REFUSED @ http://localhost:3000/_next/static/chunks/1gp2_next_dist_client_0trdkt0._.js:16348
[ 3057905ms] [ERROR] WebSocket connection to 'ws://localhost:3000/_next/hmr?id=y3pZk3CHpBdS0zcmPtYlI' failed: Error in connection establishment: net::ERR_CONNECTION_REFUSED @ http://localhost:3000/_next/static/chunks/1gp2_next_dist_client_0trdkt0._.js:16348
[ 3062950ms] [ERROR] WebSocket connection to 'ws://localhost:3000/_next/hmr?id=y3pZk3CHpBdS0zcmPtYlI' failed: Error in connection establishment: net::ERR_CONNECTION_REFUSED @ http://localhost:3000/_next/static/chunks/1gp2_next_dist_client_0trdkt0._.js:16348
[ 3067981ms] [ERROR] WebSocket connection to 'ws://localhost:3000/_next/hmr?id=y3pZk3CHpBdS0zcmPtYlI' failed: Error in connection establishment: net::ERR_CONNECTION_REFUSED @ http://localhost:3000/_next/static/chunks/1gp2_next_dist_client_0trdkt0._.js:16348
[ 3073105ms] [ERROR] WebSocket connection to 'ws://localhost:3000/_next/hmr?id=y3pZk3CHpBdS0zcmPtYlI' failed: Error in connection establishment: net::ERR_CONNECTION_REFUSED @ http://localhost:3000/_next/static/chunks/1gp2_next_dist_client_0trdkt0._.js:16348
[ 3078367ms] [ERROR] WebSocket connection to 'ws://localhost:3000/_next/hmr?id=y3pZk3CHpBdS0zcmPtYlI' failed: Error in connection establishment: net::ERR_CONNECTION_REFUSED @ http://localhost:3000/_next/static/chunks/1gp2_next_dist_client_0trdkt0._.js:16348
